// Jest Snapshot v1, https://goo.gl/fbAQLP

exports[`home view component debe de renderizar el compoenente correctamente 1`] = `
<div class="home"><img alt="Vue logo" src="">
  <h1>Journal</h1><button class="btn btn-primary">Primary</button><button class="btn btn-secondary">Secondary</button><button class="btn btn-success">Success</button><button class="btn btn-danger">Danger</button>
</div>
`;
